1>Se cambi칩 el criterio de prioridad.
2>Se intenta insertar 1 con prioridad 2.00.
3>Se cambi칩 el criterio de prioridad.
4>En la cp est치 1.
5>El prioritario es 1
6>Se intenta insertar 2 con prioridad 10.00.
7>Se intenta insertar 3 con prioridad 9.00.
8>Se intenta insertar 4 con prioridad 8.00.
9>Se intenta insertar 5 con prioridad 7.00.
10>El prioritario es 1
11>Se cambi칩 el criterio de prioridad.
12>El prioritario es 2
13>Fin.
