1>Bien.
2>Bien.
3>Bien.
4>Bien.
5>Bien.
6>Bien.
7>Bien.
8>Bien.
9>Bien.
10>Bien.
11>Bien.
12>Bien.
13>Bien.
14>Fin.
