1>#  implementar buscarFinPrefijo.
2>Insertando al.
3>Insertando cal.
4>Insertando can.
5>Insertando la.
6>Insertando los.
7>Insertando losas.
8>Insertando mensaje.
9>
cal
can
10>
mensaje
11>
los
losas
12>
losas
13>
palabras no contiene q.
14>
mensaje
15>Estructuras reiniciadas.
16>Insertando a.
17>Insertando mensaje.
18>Insertando mes.
19>Insertando mesa.
20>Insertando mesada.
21>
a
22>
mensaje
23>
palabras no contiene mena.
24>
mes
mesa
mesada
25>Fin.
