1>#  implementar _rep_cadena, crearCadena, cantidadEnCadena, estaEnCadena.
2>La cantidad es 0.
3>5 no estÃ¡ en la cadena.
4>Fin.
