1>#  implementar _rep_colCadenas, crearColCadenas, cantidadColCadenas, estaEnColCadenas.
2>La cantidad en la cadena 0 es 0.
3>La cantidad en la cadena 9 es 0.
4>5 no está en la cadena 0.
5>5 no está en la cadena 9.
6>Fin.
