1>#  implementar removerDeCadena.
2>Se insertó (5,5.00) al inicio de la cadena.
3>(5,5.00)
4>Se removió la primera aparición de 5 de la cadena.
5>#  se removió el único.
6>
7>5 no está en la cadena.
8>La cantidad es 0.
9>Se insertó (5,5.00) al inicio de la cadena.
10>(5,5.00)
11>La cantidad es 1.
12>El elemento es (5,5.00)
13>Se insertó (1,11.10) al inicio de la cadena.
14>Se insertó (0,0.00) al inicio de la cadena.
15>Se insertó (5,15.50) al inicio de la cadena.
16>(5,15.50)(0,0.00)(1,11.10)(5,5.00)
17>Se removió la primera aparición de 5 de la cadena.
18>#  se removió el primero de los 5, que además es el primero de la cadena.
19>(0,0.00)(1,11.10)(5,5.00)
20>5 está en la cadena.
21>La cantidad es 3.
22>El elemento es (1,11.10)
23>El elemento es (0,0.00)
24>El elemento es (5,5.00)
25>Se removió la primera aparición de 5 de la cadena.
26>#  se removió el último.
27>(0,0.00)(1,11.10)
28>5 no está en la cadena.
29>La cantidad es 2.
30>Se insertó (2,2.00) al inicio de la cadena.
31>(2,2.00)(0,0.00)(1,11.10)
32>Se removió la primera aparición de 0 de la cadena.
33>#  se removió un elemento intermedio.
34>(2,2.00)(1,11.10)
35>0 no está en la cadena.
36>El elemento es (1,11.10)
37>El elemento es (2,2.00)
38>La cantidad es 2.
39>Se insertó (8,8.00) al inicio de la cadena.
40>Se insertó (3,3.00) al inicio de la cadena.
41>Se insertó (7,7.00) al inicio de la cadena.
42>Se insertó (4,4.00) al inicio de la cadena.
43>Se insertó (6,6.00) al inicio de la cadena.
44>Se insertó (1,1.00) al inicio de la cadena.
45>Se insertó (5,1.00) al inicio de la cadena.
46>Se insertó (7,17.00) al inicio de la cadena.
47>(7,17.00)(5,1.00)(1,1.00)(6,6.00)(4,4.00)(7,7.00)(3,3.00)(8,8.00)(2,2.00)(1,11.10)
48>El elemento es (7,17.00)
49>La cantidad es 10.
50>Se removió la primera aparición de 7 de la cadena.
51>#  se removió el primero de los 7, que NO es el primero de la cadena.
52>(5,1.00)(1,1.00)(6,6.00)(4,4.00)(7,7.00)(3,3.00)(8,8.00)(2,2.00)(1,11.10)
53>La cantidad es 9.
54>7 está en la cadena.
55>El elemento es (7,7.00)
56>Fin.
