1>#  implementar reiniciarIterador.
2>Reiniciando it.
3>Actual de it NO está definida.
4>Agregando 5 a it.
5>Reiniciando it.
6>Actual de it está definida.
7>Agregando 5 a it.
8>Agregando 5 a it.
9>Agregando 5 a it.
10>Reiniciando it.
11>Actual de it está definida.
12>Fin.
