1>#  implementar copiaCadena.
2>
3>Se insertó (5,5.00) al inicio de la cadena.
4>(5,5.00)
5>Se insertó (6,6.00) al inicio de la cadena.
6>(6,6.00)(5,5.00)
7>(5,5.00)(6,6.00)
8>(6,6.00)(5,5.00)
9>Se insertó (9,6.00) al inicio de la cadena.
10>Se insertó (8,8.00) al inicio de la cadena.
11>Se insertó (7,7.00) al inicio de la cadena.
12>Se insertó (4,4.00) al inicio de la cadena.
13>Se insertó (3,3.00) al inicio de la cadena.
14>(4,4.00)(7,7.00)(8,8.00)(9,6.00)(6,6.00)(5,5.00)(3,3.00)
15>(3,3.00)(4,4.00)(7,7.00)(8,8.00)(9,6.00)(6,6.00)(5,5.00)
16>Fin.
